#time g.n  g.ntilde  
0.000  660.000  658.474  
8000.000  701.000  696.285  
16000.000  676.000  675.181  
24000.000  671.000  674.357  
32000.000  672.000  671.196  
40000.000  670.000  670.832  
48000.000  681.000  680.623  
56000.000  668.000  668.910  
64000.000  710.000  707.997  
72000.000  701.000  703.563  
80000.000  724.000  724.210  
