#time s.energy  s.repulsive_energy  s.attractive_energy  
0.000  -4616.222  104165.414  -108783.539  
8000.000  -4602.099  104650.516  -109255.172  
16000.000  -4115.749  106034.625  -110152.375  
24000.000  -4055.343  102800.742  -106857.633  
32000.000  -3715.571  104650.844  -108368.508  
40000.000  -3675.741  105022.250  -108700.680  
48000.000  -3938.755  105636.523  -109577.297  
56000.000  -3354.084  107293.906  -110649.945  
64000.000  -3140.775  106634.219  -109777.117  
72000.000  -3569.489  107454.664  -111026.305  
80000.000  -3442.169  106304.312  -109748.141  
