#time s.energy  s.repulsive_energy  s.attractive_energy  
0.000  -4616.531  104118.258  -108742.195  
8000.000  -4602.515  104606.820  -109216.414  
16000.000  -4116.073  105991.188  -110113.508  
24000.000  -4055.646  102758.062  -106820.562  
32000.000  -3715.832  104608.719  -108332.562  
40000.000  -3676.060  104982.805  -108663.641  
48000.000  -3939.076  105594.617  -109539.695  
56000.000  -3354.360  107254.516  -110615.898  
64000.000  -3141.069  106592.734  -109740.453  
72000.000  -3569.818  107411.477  -110988.359  
80000.000  -3442.516  106262.742  -109712.320  
